[HISTORY] Додано запис: time=1767731124000 (sec=1767731124), tempRoom=27.0
[HISTORY] Додано запис: time=1767731124000 (sec=1767731124), tempRoom=27.0
[HISTORY] Додано запис: time=1767731124000 (sec=1767731124), tempRoom=27.0
[HISTORY] Додано запис: time=1767731124000 (sec=1767731124), tempRoom=27.0
[HISTORY] Додано запис: time=1767731124000 (sec=1767731124), tempRoom=27.0
[HISTORY] Додано запис: time=1767731124000 (sec=1767731124), tempRoom=27.0
[HISTORY] Додано запис: time=1767731124000 (sec=1767731124), tempRoom=27.0
[HISTORY] Додано запис: time=1767731124000 (sec=1767731124), tempRoom=27.0
[HISTORY] Додано запис: time=1767731124000 (sec=1767731124), tempRoom=27.0
[HISTORY] Додано запис: time=1767731125000 (sec=1767731125), tempRoom=27.0
[HISTORY] Додано запис: time=1767731125000 (sec=1767731125), tempRoom=26.9
[HISTORY] Додано запис: time=1767731125000 (sec=1767731125), tempRoom=26.9
[HISTORY] Додано запис: time=1767731125000 (sec=1767731125), tempRoom=26.9
[HISTORY] Додано запис: time=1767731125000 (sec=1767731125), tempRoom=26.9
[HISTORY] Додано запис: time=1767731125000 (sec=1767731125), tempRoom=26.9
[HISTORY] Додано запис: time=1767731125000 (sec=1767731125), tempRoom=26.9
[HISTORY] Додано запис: time=1767731125000 (sec=1767731125), tempRoom=26.9
[HISTORY] Додано запис: time=1767731125000 (sec=1767731125), tempRoom=26.9
[HISTORY] Додано запис: time=1767731125000 (sec=1767731125), tempRoom=26.9
[HISTORY] Додано запис: time=1767731126000 (sec=1767731126), tempRoom=26.9
[HISTORY] Додано запис: time=1767731126000 (sec=1767731126), tempRoom=26.9
[HISTORY] Додано запис: time=1767731126000 (sec=1767731126), tempRoom=26.9
[HISTORY] Додано запис: time=1767731126000 (sec=1767731126), tempRoom=26.9
[HISTORY] Додано запис: time=1767731126000 (sec=1767731126), tempRoom=26.9
[HISTORY] Додано запис: time=1767731126000 (sec=1767731126), tempRoom=26.9
[HISTORY] Додано запис: time=1767731126000 (sec=1767731126), tempRoom=26.9
[HISTORY] Додано запис: time=1767731126000 (sec=1767731126), tempRoom=26.9
[HISTORY] Додано запис: time=1767731126000 (sec=1767731126), tempRoom=26.9
[HISTORY] Додано запис: time=1767731126000 (sec=1767731126), tempRoom=26.9
[HISTORY] Додано запис: time=1767731127000 (sec=1767731127), tempRoom=26.9
[TIME] Синхронізовано: 06.01.2026 22:25:27
[HISTORY] Додано запис: time=1767731127000 (sec=1767731127), tempRoom=26.9
[HISTORY] Додано запис: time=1767731127000 (sec=1767731127), tempRoom=26.9
[HISTORY] Додано запис: time=1767731127000 (sec=1767731127), tempRoom=26.9
[HISTORY] Додано запис: time=1767731127000 (sec=1767731127), tempRoom=26.9
[HISTORY] Додано запис: time=1767731127000 (sec=1767731127), tempRoom=26.9
[HISTORY] Додано запис: time=1767731127000 (sec=1767731127), tempRoom=26.9
[HISTORY] Додано запис: time=1767731127000 (sec=1767731127), tempRoom=26.9
[HISTORY] Додано запис: time=1767731127000 (sec=1767731127), tempRoom=26.9
[HISTORY] Додано запис: time=1767731127000 (sec=1767731127), tempRoom=26.9
[HISTORY] Додано запис: time=1767731128000 (sec=1767731128), tempRoom=26.9
[HISTORY] Додано запис: time=1767731128000 (sec=1767731128), tempRoom=26.9
[HISTORY] Додано запис: time=1767731128000 (sec=1767731128), tempRoom=26.9
[HISTORY] Додано запис: time=1767731128000 (sec=1767731128), tempRoom=26.9
[HISTORY] Додано запис: time=1767731128000 (sec=1767731128), tempRoom=26.9
[HISTORY] Додано запис: time=1767731128000 (sec=1767731128), tempRoom=26.9
[HISTORY] Додано запис: time=1767731128000 (sec=1767731128), tempRoom=26.9
[HISTORY] Додано запис: time=1767731128000 (sec=1767731128), tempRoom=26.9
[HISTORY] Додано запис: time=1767731128000 (sec=1767731128), tempRoom=26.9
[HISTORY] Додано запис: time=1767731128000 (sec=1767731128), tempRoom=26.9
[HISTORY] Додано запис: time=1767731129000 (sec=1767731129), tempRoom=26.9
[HISTORY] Додано запис: time=1767731129000 (sec=1767731129), tempRoom=26.9
[HISTORY] Додано запис: time=1767731129000 (sec=1767731129), tempRoom=26.9
[HISTORY] Додано запис: time=1767731129000 (sec=1767731129), tempRoom=26.9
[HISTORY] Додано запис: time=1767731129000 (sec=1767731129), tempRoom=26.9
[HISTORY] Додано запис: time=1767731129000 (sec=1767731129), tempRoom=26.9
[HISTORY] Додано запис: time=1767731129000 (sec=1767731129), tempRoom=26.9
[HISTORY] Додано запис: time=1767731129000 (sec=1767731129), tempRoom=26.9
[HISTORY] Додано запис: time=1767731129000 (sec=1767731129), tempRoom=26.9
[HISTORY] Додано запис: time=1767731129000 (sec=1767731129), tempRoom=26.9
[HISTORY] Додано запис: time=1767731130000 (sec=1767731130), tempRoom=26.9
[HISTORY] Додано запис: time=1767731130000 (sec=1767731130), tempRoom=26.9
[HISTORY] Додано запис: time=1767731130000 (sec=1767731130), tempRoom=26.9
[HISTORY] Додано запис: time=1767731130000 (sec=1767731130), tempRoom=26.9
[HISTORY] Додано запис: time=1767731130000 (sec=1767731130), tempRoom=26.9
[HISTORY] Додано запис: time=1767731130000 (sec=1767731130), tempRoom=26.9
[HISTORY] Додано запис: time=1767731130000 (sec=1767731130), tempRoom=26.9
[HISTORY] Додано запис: time=1767731130000 (sec=1767731130), tempRoom=26.9
[HISTORY] Додано запис: time=1767731130000 (sec=1767731130), tempRoom=26.9
[HISTORY] Додано запис: time=1767731130000 (sec=1767731130), tempRoom=26.9
[HISTORY] Додано запис: time=1767731131000 (sec=1767731131), tempRoom=26.9
[HISTORY] Додано запис: time=1767731131000 (sec=1767731131), tempRoom=26.9
[HISTORY] Додано запис: time=1767731131000 (sec=1767731131), tempRoom=26.8
[HISTORY] Додано запис: time=1767731131000 (sec=1767731131), tempRoom=26.8
[HISTORY] Додано запис: time=1767731131000 (sec=1767731131), tempRoom=26.8
[HISTORY] Додано запис: time=1767731131000 (sec=1767731131), tempRoom=26.8
[HISTORY] Додано запис: time=1767731131000 (sec=1767731131), tempRoom=26.8
[HISTORY] Додано запис: time=1767731131000 (sec=1767731131), tempRoom=26.8
[HISTORY] Додано запис: time=1767731131000 (sec=1767731131), tempRoom=26.8
[HISTORY] Додано запис: time=1767731131000 (sec=1767731131), tempRoom=26.8
[HISTORY] Додано запис: time=1767731132000 (sec=1767731132), tempRoom=26.8
[HISTORY] Додано запис: time=1767731132000 (sec=1767731132), tempRoom=26.8
[HISTORY] Додано запис: time=1767731132000 (sec=1767731132), tempRoom=26.8
[HISTORY] Додано запис: time=1767731132000 (sec=1767731132), tempRoom=26.8
[HISTORY] Додано запис: time=1767731132000 (sec=1767731132), tempRoom=26.8
[HISTORY] Додано запис: time=1767731132000 (sec=1767731132), tempRoom=26.8
[HISTORY] Додано запис: time=1767731132000 (sec=1767731132), tempRoom=26.8
[HISTORY] Додано запис: time=1767731132000 (sec=1767731132), tempRoom=26.8
[HISTORY] Додано запис: time=1767731132000 (sec=1767731132), tempRoom=26.8
[HISTORY] Додано запис: time=1767731132000 (sec=1767731132), tempRoom=26.8
[HISTORY] Додано запис: time=1767731133000 (sec=1767731133), tempRoom=26.8
[HISTORY] Додано запис: time=1767731133000 (sec=1767731133), tempRoom=26.8
[HISTORY] Додано запис: time=1767731133000 (sec=1767731133), tempRoom=26.8
[HISTORY] Додано запис: time=1767731133000 (sec=1767731133), tempRoom=26.8
[HISTORY] Додано запис: time=1767731133000 (sec=1767731133), tempRoom=26.8
[HISTORY] Додано запис: time=1767731133000 (sec=1767731133), tempRoom=26.8
[HISTORY] Додано запис: time=1767731133000 (sec=1767731133), tempRoom=26.8
[HISTORY] Додано запис: time=1767731133000 (sec=1767731133), tempRoom=26.8
[HISTORY] Додано запис: time=1767731133000 (sec=1767731133), tempRoom=26.8
[HISTORY] Додано запис: time=1767731133000 (sec=1767731133), tempRoom=26.8
[HISTORY] Додано запис: time=1767731134000 (sec=1767731134), tempRoom=26.8
[HISTORY] Додано запис: time=1767731134000 (sec=1767731134), tempRoom=26.8
[HISTORY] Додано запис: time=1767731134000 (sec=1767731134), tempRoom=26.8
[HISTORY] Додано запис: time=1767731134000 (sec=1767731134), tempRoom=26.8
[HISTORY] Додано запис: time=1767731134000 (sec=1767731134), tempRoom=26.8
[HISTORY] Додано запис: time=1767731134000 (sec=1767731134), tempRoom=26.8
[HISTORY] Додано запис: time=1767731134000 (sec=1767731134), tempRoom=26.8
[HISTORY] Додано запис: time=1767731134000 (sec=1767731134), tempRoom=26.8
[HISTORY] Додано запис: time=1767731134000 (sec=1767731134), tempRoom=26.8
[HISTORY] Додано запис: time=1767731134000 (sec=1767731134), tempRoom=26.8
[HISTORY] Додано запис: time=1767731135000 (sec=1767731135), tempRoom=26.8
[HISTORY] Додано запис: time=1767731135000 (sec=1767731135), tempRoom=26.8
[HISTORY] Додано запис: time=1767731135000 (sec=1767731135), tempRoom=26.8
[HISTORY] Додано запис: time=1767731135000 (sec=1767731135), tempRoom=26.8
[HISTORY] Додано запис: time=1767731135000 (sec=1767731135), tempRoom=26.8
[HISTORY] Додано запис: time=1767731135000 (sec=1767731135), tempRoom=26.8
[HISTORY] Додано запис: time=1767731135000 (sec=1767731135), tempRoom=26.8
[HISTORY] Додано запис: time=1767731135000 (sec=1767731135), tempRoom=26.8
[HISTORY] Додано запис: time=1767731135000 (sec=1767731135), tempRoom=26.8
[HISTORY] Додано запис: time=1767731135000 (sec=1767731135), tempRoom=26.8
[HISTORY] Додано запис: time=1767731136000 (sec=1767731136), tempRoom=26.8
[HISTORY] Додано запис: time=1767731136000 (sec=1767731136), tempRoom=26.8
[HISTORY] Додано запис: time=1767731136000 (sec=1767731136), tempRoom=26.8
[HISTORY] Додано запис: time=1767731136000 (sec=1767731136), tempRoom=26.8
[HISTORY] Додано запис: time=1767731136000 (sec=1767731136), tempRoom=26.8
[HISTORY] Додано запис: time=1767731136000 (sec=1767731136), tempRoom=26.8
[HISTORY] Додано запис: time=1767731136000 (sec=1767731136), tempRoom=26.8
[HISTORY] Додано запис: time=1767731136000 (sec=1767731136), tempRoom=26.8
[HISTORY] Додано запис: time=1767731136000 (sec=1767731136), tempRoom=26.8
[HISTORY] Додано запис: time=1767731136000 (sec=1767731136), tempRoom=26.8

🤖 Автоматичне збереження даних...
   Причина: минуло 1 хвилин
   Причина: 1004 нових записів

📤 Відправка даних в Google Sheets...
🌐 URL: https://script.google.com/macros/s/AKfycbwocwVwGu3BfPqQCOEjuudVvCAVV-NNU2IFkqTQhIau8-qLI-7DiaAwSc8boR4Jy49P/exec
📊 Перевірка нових даних після timestamp 2499476344
📊 Підготовлено 1 нових записів для відправки (макс 1)
📦 Розмір JSON: 206 байт
📄 JSON дані:
{"records":[{"timestamp":2499477344,"tempCarrier":63.9375,"tempRoom":28.625,"tempBME":25.76,"humidity":66.20605,"pressure":988.6555,"co2":0,"pumpPower":0,"fanPower":0,"extractorPower":0,"mode":"АВТО"}]}
📦 Розмір form data: 211 байт
[HISTORY] Додано запис: time=1767731137000 (sec=1767731137), tempRoom=26.8
[HISTORY] Додано запис: time=1767731137000 (sec=1767731137), tempRoom=26.8
[HISTORY] Додано запис: time=1767731137000 (sec=1767731137), tempRoom=26.9
[HISTORY] Додано запис: time=1767731137000 (sec=1767731137), tempRoom=26.9
[HISTORY] Додано запис: time=1767731137000 (sec=1767731137), tempRoom=26.9
[HISTORY] Додано запис: time=1767731137000 (sec=1767731137), tempRoom=26.9
[HISTORY] Додано запис: time=1767731137000 (sec=1767731137), tempRoom=26.9
[HISTORY] Додано запис: time=1767731137000 (sec=1767731137), tempRoom=26.9
[HISTORY] Додано запис: time=1767731137000 (sec=1767731137), tempRoom=26.9
[HISTORY] Додано запис: time=1767731137000 (sec=1767731137), tempRoom=26.9
[HISTORY] Додано запис: time=1767731138000 (sec=1767731138), tempRoom=26.9
[HISTORY] Додано запис: time=1767731138000 (sec=1767731138), tempRoom=26.9
[HISTORY] Додано запис: time=1767731138000 (sec=1767731138), tempRoom=26.9
[HISTORY] Додано запис: time=1767731138000 (sec=1767731138), tempRoom=26.9
[HISTORY] Додано запис: time=1767731138000 (sec=1767731138), tempRoom=26.9
