[TIME] Синхронізовано: 03.01.2026 22:32:17
[SENSOR] T:27.5/67.2°C H:66.9% P:984.0hPa
[TIME] Синхронізовано: 03.01.2026 22:32:47
⚠ Проблема: Втрачено з'єднання Wi-Fi!
📈 Статистика: Пам'ять=152KB, Записів=37, Час=2220сек
[SENSOR] T:28.1/65.0°C H:66.4% P:984.0hPa
✓ Зволожувач: ВИМК (Вологість: 65.8, Ціль: 39.0)
[TIME] Синхронізовано: 03.01.2026 22:33:18
[SENSOR] T:29.3/66.0°C H:65.0% P:984.0hPa
✓ Зволожувач: ВКЛ (Вологість: 64.8, Ціль: 66.0)
[TIME] Синхронізовано: 03.01.2026 22:33:48
⚠ Проблема: Втрачено з'єднання Wi-Fi!
📈 Статистика: Пам'ять=152KB, Записів=38, Час=2280сек
[SENSOR] T:28.0/68.0°C H:64.1% P:984.0hPa
[TIME] Синхронізовано: 03.01.2026 22:34:19
[SENSOR] T:27.0/68.8°C H:66.4% P:984.0hPa
🔧 Таймер витяжки: Витяжка увімкнена
[TIME] Синхронізовано: 03.01.2026 22:34:50
⚠ Проблема: Втрачено з'єднання Wi-Fi!
📈 Статистика: Пам'ять=152KB, Записів=39, Час=2340сек
[SENSOR] T:29.5/65.4°C H:64.8% P:984.0hPa
🔧 Таймер витяжки: Витяжка вимкнена
[TIME] Синхронізовано: 03.01.2026 22:35:20
[SENSOR] T:30.4/67.7°C H:64.4% P:984.0hPa
[TIME] Синхронізовано: 03.01.2026 22:35:51
[HISTORY] Записано запис 40
⚠ Проблема: Втрачено з'єднання Wi-Fi!
📈 Статистика: Пам'ять=152KB, Записів=40, Час=2400сек
[SENSOR] T:28.9/69.4°C H:65.7% P:984.0hPa
[TIME] Синхронізовано: 03.01.2026 22:36:21
[SENSOR] T:27.9/70.4°C H:65.2% P:984.0hPa
[TIME] Синхронізовано: 03.01.2026 22:36:52
⚠ Проблема: Втрачено з'єднання Wi-Fi!
📈 Статистика: Пам'ять=152KB, Записів=41, Час=2460сек
[SENSOR] T:27.2/70.6°C H:65.8% P:984.1hPa
[TIME] Синхронізовано: 03.01.2026 22:37:22
✓ Зволожувач: ВИМК (Вологість: 67.8, Ціль: 67.7)
[SENSOR] T:28.1/66.2°C H:68.3% P:984.1hPa
[TIME] Синхронізовано: 03.01.2026 22:37:53
⚠ Проблема: Втрачено з'єднання Wi-Fi!
📈 Статистика: Пам'ять=152KB, Записів=42, Час=2520сек
