
══════════════════════════════════════════════════════════
           📊 СТАТУС СИСТЕМИ
══════════════════════════════════════════════════════════📈 Статистика: Пам'ять=130KB, Записів=165, Час=9962сек

  Час: 07.01.2026 21:07:27
  Режим: 👆 РУЧНИЙ
----------------------------------------------
  Температура: 28.8°C (ціль: 27.0-28.0°C)
  Теплоносій: 67.2°C
  Вологість: 66.3% (ціль: 68.0-70.0%)
  Тиск: 984.9 hPa
----------------------------------------------
  Насос (A): 0% (0)
  Вентилятор (B): 0% (0)
  Витяжка (C): 0% (0)
  Зволожувач: ВИМК
  Вентиляція: ВІДКРИТА
----------------------------------------------
  Wi-Fi: Redmi Note 9 (-82 dBm)
  Пам'ять: 130 KB
  Записів в історії: 165
══════════════════════════════════════════════════════════

[SENSOR] T:28.8/67.2°C H:66.3% P:984.9hPa
✓ Зволожувач: ВКЛ (Вологість: 66.1, Ціль: 66.2)
[TIME] Синхронізовано: 07.01.2026 21:07:49
[SENSOR] T:28.2/67.3°C H:66.1% P:984.9hPa
✓ Датчик теплоносія відновлено
[TIME] Синхронізовано: 07.01.2026 21:08:19

══════════════════════════════════════════════════════════
           📊 СТАТУС СИСТЕМИ
══════════════════════════════════════════════════════════📈 Статистика: Пам'ять=130KB, Записів=166, Час=10022сек

  Час: 07.01.2026 21:08:27
  Режим: 👆 РУЧНИЙ
----------------------------------------------
  Температура: 27.5°C (ціль: 27.0-28.0°C)
  Теплоносій: 67.2°C
  Вологість: 67.0% (ціль: 68.0-70.0%)
  Тиск: 984.9 hPa
----------------------------------------------
  Насос (A): 0% (0)
  Вентилятор (B): 0% (0)
  Витяжка (C): 0% (0)
  Зволожувач: ВКЛ
  Вентиляція: ВІДКРИТА
----------------------------------------------
  Wi-Fi: Redmi Note 9 (-80 dBm)
  Пам'ять: 130 KB
  Записів в історії: 166
══════════════════════════════════════════════════════════

[SENSOR] T:27.4/67.2°C H:67.2% P:984.9hPa
✓ Зволожувач: ВИМК (Вологість: 68.0, Ціль: 67.9)
[TIME] Синхронізовано: 07.01.2026 21:08:50
[SENSOR] T:27.4/66.0°C H:67.8% P:984.9hPa
