♻️ [21:07:25] Режим підтримки: T_кімн=29.6°C (ціль 18.5°C), T_тепл=43.8°C, Насос=33%, Вентилятор=0%

══════════════════════════════════════════════════════════
           📊 СТАТУС СИСТЕМИ
══════════════════════════════════════════════════════════
  Час: 26.01.2026 21:07:31
  Режим: 🤖 АВТО
----------------------------------------------
  Температура: 29.6°C (ціль: 18.0-19.0°C)
  Теплоносій: 43.8°C
  Вологість: 28.2% (ціль: 40.0-45.0%)
  Тиск: 989.2 hPa
----------------------------------------------
  Насос (A): 32%
  Вентилятор (B): 0%
  Витяжка (C): 0%
  Зволожувач: ВКЛ
  Вентиляція: ВІДКРИТА
----------------------------------------------
  Wi-Fi: Redmi Note 14 (-51 dBm)
  Пам'ять: 126 KB
  Записів в історії: 7
══════════════════════════════════════════════════════════


╔═══════════════════════════════════════════════════════╗
║  📋 СТАТУС СИСТЕМИ - v4.8-D50                        ║
╠═══════════════════════════════════════════════════════╣
║  🕐 Час: 21:07:33                                     ║
║  🌡️  Теплоносій: 43.8°C                            ║
║  🏠 Кімната: 29.6°C                                ║
║  💧 Вологість: 28.0%                                ║
║  🎛️  Режим: 🚨 АВАРІЯ (етап 4)         ║
║  💧 Насос:  32% | 🌪️ Вентилятор:   0% | 💨 Витяжка:   0% ║
╠═══════════════════════════════════════════════════════╣
║  ✅ Всі системи працюють нормально                   ║
╠═══════════════════════════════════════════════════════╣
║  📊 Пам'ять: 126KB | Записів: 8 | Uptime: 0h 8м  ║
╚═══════════════════════════════════════════════════════╝

♻️ [21:07:35] Режим підтримки: T_кімн=29.6°C (ціль 18.5°C), T_тепл=43.8°C, Насос=33%, Вентилятор=0%
[TIME] Синхронізовано: 26.01.2026 21:07:38
[SENSOR] T:29.6/43.8°C H:28.2% P:989.2hPa
♻️ [21:07:45] Режим підтримки: T_кімн=29.6°C (ціль 18.5°C), T_тепл=43.8°C, Насос=33%, Вентилятор=0%
♻️ [21:07:55] Режим підтримки: T_кімн=29.6°C (ціль 18.5°C), T_тепл=43.8°C, Насос=33%, Вентилятор=0%
