⚡ Обігрів: T=26.1°C, Насос=26%, Вентилятор=45% (Тренд: -0.31°C/хв)
⚡ Обігрів: T=26.1°C, Насос=26%, Вентилятор=45% (Тренд: -0.31°C/хв)
⚡ Обігрів: T=26.0°C, Насос=27%, Вентилятор=50% (Тренд: -0.31°C/хв)
⚡ Обігрів: T=26.0°C, Насос=27%, Вентилятор=50% (Тренд: -0.31°C/хв)
⚡ Обігрів: T=26.0°C, Насос=27%, Вентилятор=50% (Тренд: -0.31°C/хв)
⚡ Обігрів: T=26.0°C, Насос=27%, Вентилятор=50% (Тренд: -0.43°C/хв)
⚡ Обігрів: T=25.9°C, Насос=27%, Вентилятор=50% (Тренд: -0.43°C/хв)
⚡ Обігрів: T=25.9°C, Насос=27%, Вентилятор=50% (Тренд: -0.43°C/хв)
📈 Статистика: Пам'ять=122KB, Записів=37, Час=2283сек
[SENSOR] T:26.0/58.9°C H:65.0% P:999.5hPa

══════════════════════════════════════════════════════════
           📊 СТАТУС СИСТЕМИ
══════════════════════════════════════════════════════════
  Час: 05.01.2026 19:42:03
  Режим: 🤖 АВТО
----------------------------------------------
  Температура: 26.0°C (ціль: 27.0-28.0°C)
  Теплоносій: 58.9°C
  Вологість: 65.0% (ціль: 63.0-64.0%)
  Тиск: 999.5 hPa
----------------------------------------------
  Насос (A): 26% (68)
  Вентилятор (B): 49% (127)
  Витяжка (C): 0% (0)
  Зволожувач: ВИМК
  Вентиляція: ЗАКРИТА
----------------------------------------------
  Wi-Fi: Redmi Note 9 (-72 dBm)
  Пам'ять: 122 KB
  Записів в історії: 37
══════════════════════════════════════════════════════════

⚡ Обігрів: T=26.0°C, Насос=27%, Вентилятор=50% (Тренд: -0.43°C/хв)
⚡ Обігрів: T=26.0°C, Насос=27%, Вентилятор=50% (Тренд: -0.43°C/хв)
⚡ Обігрів: T=26.1°C, Насос=26%, Вентилятор=45% (Тренд: -0.71°C/хв)
⚡ Обігрів: T=26.1°C, Насос=26%, Вентилятор=40% (Тренд: -0.71°C/хв)
[TIME] Синхронізовано: 05.01.2026 19:42:09
⚡ Обігрів: T=26.1°C, Насос=26%, Вентилятор=40% (Тренд: -0.71°C/хв)
⚡ Обігрів: T=26.2°C, Насос=26%, Вентилятор=40% (Тренд: -0.71°C/хв)
⚡ Обігрів: T=26.3°C, Насос=24%, Вентилятор=30% (Тренд: -0.71°C/хв)
⚡ Обігрів: T=26.4°C, Насос=24%, Вентилятор=30% (Тренд: -0.80°C/хв)
⚡ Обігрів: T=26.4°C, Насос=23%, Вентилятор=25% (Тренд: -0.80°C/хв)
⚡ Обігрів: T=26.5°C, Насос=23%, Вентилятор=25% (Тренд: -0.80°C/хв)
